// Jest Snapshot v1, https://goo.gl/fbAQLP

exports[`it matches snapshot 1`] = `
<DocumentFragment>
  <div
    style="margin: 5px;"
  >
    <button>
      X
    </button>
  </div>
</DocumentFragment>
`;
